<?xml version="1.0"?>
<enun fileName="/var/www/html/src/Enums/OutputFormatType.php"
      namespaceName="AeonDigital\DocBlockExtractor\Enums"
      fqsen="AeonDigital\DocBlockExtractor\Enums\OutputFormatType"
      shortName="OutputFormatType"
      type="ENUM"
      isAbstract="false"
      isFinal="true">
    <docBlock>
        <summary>
            <line>Tipo de formato de saída de processamento de documentação</line>
        </summary>
        <description />
        <tags />
    </docBlock>
    <interfaces>
        <ns>UnitEnum</ns>
        <ns>BackedEnum</ns>
    </interfaces>
    <extends />
    <constants>
        <public>
            <constant fileName="/var/www/html/src/Enums/OutputFormatType.php"
                      namespaceName="AeonDigital\DocBlockExtractor\Enums\OutputFormatType"
                      fqsen="AeonDigital\DocBlockExtractor\Enums\OutputFormatType\JSON"
                      shortName="JSON"
                      type="CONSTANT">
                <docBlock>
                    <summary />
                    <description />
                    <tags />
                </docBlock>
                <value type="AeonDigital\DocBlockExtractor\Enums\OutputFormatType"
                       originalValue="AeonDigital\DocBlockExtractor\Enums\OutputFormatType"
                       stringValue="``null``" />
            </constant>
            <constant fileName="/var/www/html/src/Enums/OutputFormatType.php"
                      namespaceName="AeonDigital\DocBlockExtractor\Enums\OutputFormatType"
                      fqsen="AeonDigital\DocBlockExtractor\Enums\OutputFormatType\XML"
                      shortName="XML"
                      type="CONSTANT">
                <docBlock>
                    <summary />
                    <description />
                    <tags />
                </docBlock>
                <value type="AeonDigital\DocBlockExtractor\Enums\OutputFormatType"
                       originalValue="AeonDigital\DocBlockExtractor\Enums\OutputFormatType"
                       stringValue="``null``" />
            </constant>
            <constant fileName="/var/www/html/src/Enums/OutputFormatType.php"
                      namespaceName="AeonDigital\DocBlockExtractor\Enums\OutputFormatType"
                      fqsen="AeonDigital\DocBlockExtractor\Enums\OutputFormatType\RST"
                      shortName="RST"
                      type="CONSTANT">
                <docBlock>
                    <summary />
                    <description />
                    <tags />
                </docBlock>
                <value type="AeonDigital\DocBlockExtractor\Enums\OutputFormatType"
                       originalValue="AeonDigital\DocBlockExtractor\Enums\OutputFormatType"
                       stringValue="``null``" />
            </constant>
        </public>
    </constants>
    <properties>
        <public>
            <static />
            <nonstatic>
                <property fileName="/var/www/html/src/Enums/OutputFormatType.php"
                          namespaceName="AeonDigital\DocBlockExtractor\Enums\OutputFormatType"
                          fqsen="AeonDigital\DocBlockExtractor\Enums\OutputFormatType\name"
                          shortName="name"
                          type="PROPERTIE">
                    <docBlock>
                        <summary />
                        <description />
                        <tags />
                    </docBlock>
                    <defaultValue type="null"
                                  originalValue="``null``"
                                  stringValue="" />
                </property>
                <property fileName="/var/www/html/src/Enums/OutputFormatType.php"
                          namespaceName="AeonDigital\DocBlockExtractor\Enums\OutputFormatType"
                          fqsen="AeonDigital\DocBlockExtractor\Enums\OutputFormatType\value"
                          shortName="value"
                          type="PROPERTIE">
                    <docBlock>
                        <summary />
                        <description />
                        <tags />
                    </docBlock>
                    <defaultValue type="null"
                                  originalValue="``null``"
                                  stringValue="" />
                </property>
            </nonstatic>
        </public>
    </properties>
    <constructor />
    <methods>
        <public>
            <abstract>
                <static />
                <nonstatic />
            </abstract>
            <nonabstract>
                <static>
                    <method fileName="/var/www/html/src/Enums/OutputFormatType.php"
                            namespaceName="AeonDigital\DocBlockExtractor\Enums\OutputFormatType"
                            fqsen="AeonDigital\DocBlockExtractor\Enums\OutputFormatType\cases"
                            shortName="cases"
                            type="METHOD"
                            isAbstract="false"
                            isFinal="false">
                        <docBlock>
                            <summary />
                            <description />
                            <tags />
                        </docBlock>
                        <parameters />
                        <return>array</return>
                    </method>
                    <method fileName="/var/www/html/src/Enums/OutputFormatType.php"
                            namespaceName="AeonDigital\DocBlockExtractor\Enums\OutputFormatType"
                            fqsen="AeonDigital\DocBlockExtractor\Enums\OutputFormatType\from"
                            shortName="from"
                            type="METHOD"
                            isAbstract="false"
                            isFinal="false">
                        <docBlock>
                            <summary />
                            <description />
                            <tags />
                        </docBlock>
                        <parameters>
                            <parameter name="value"
                                       type="string|int"
                                       isOptional="false"
                                       isReference="false"
                                       isVariadic="false"
                                       isNullable="false"
                                       isDefaultValue="false"
                                       defaultValue="``null``">
                                <docBlock>
                                    <summary />
                                    <description />
                                    <tags />
                                </docBlock>
                            </parameter>
                        </parameters>
                        <return>static</return>
                    </method>
                    <method fileName="/var/www/html/src/Enums/OutputFormatType.php"
                            namespaceName="AeonDigital\DocBlockExtractor\Enums\OutputFormatType"
                            fqsen="AeonDigital\DocBlockExtractor\Enums\OutputFormatType\tryFrom"
                            shortName="tryFrom"
                            type="METHOD"
                            isAbstract="false"
                            isFinal="false">
                        <docBlock>
                            <summary />
                            <description />
                            <tags />
                        </docBlock>
                        <parameters>
                            <parameter name="value"
                                       type="string|int"
                                       isOptional="false"
                                       isReference="false"
                                       isVariadic="false"
                                       isNullable="false"
                                       isDefaultValue="false"
                                       defaultValue="``null``">
                                <docBlock>
                                    <summary />
                                    <description />
                                    <tags />
                                </docBlock>
                            </parameter>
                        </parameters>
                        <return>static|null</return>
                    </method>
                </static>
                <nonstatic />
            </nonabstract>
        </public>
    </methods>
</enun>