{
    "fileName": "/var/www/html/src/OutputExtractor/aOutputExtractor.php",
    "namespaceName": "AeonDigital\\DocBlockExtractor\\OutputExtractor",
    "fqsen": "AeonDigital\\DocBlockExtractor\\OutputExtractor\\aOutputExtractor",
    "shortName": "aOutputExtractor",
    "type": "CLASSE",
    "docBlock": {
        "summary": [
            "Classe abstrata usada pelas classes concretas que performam a extração da documentação",
            "para formatos específicos."
        ],
        "description": [],
        "tags": {
            "package": [
                [
                    "AeonDigital\\DocBlockExtractor"
                ]
            ],
            "author": [
                [
                    "Rianna Cantarelli <rianna@aeondigital.com.br>"
                ]
            ],
            "copyright": [
                [
                    "2023, Rianna Cantarelli"
                ]
            ],
            "license": [
                [
                    "MIT"
                ]
            ]
        }
    },
    "interfaces": [
        "AeonDigital\\DocBlockExtractor\\Interfaces\\iOutputExtractor"
    ],
    "extends": null,
    "isAbstract": true,
    "isFinal": false,
    "constants": {
        "public": []
    },
    "properties": {
        "public": {
            "static": [],
            "nonstatic": []
        }
    },
    "constructor": null,
    "methods": {
        "public": {
            "abstract": {
                "static": [],
                "nonstatic": [
                    {
                        "fileName": "/var/www/html/src/OutputExtractor/aOutputExtractor.php",
                        "namespaceName": "AeonDigital\\DocBlockExtractor\\OutputExtractor\\aOutputExtractor",
                        "fqsen": "AeonDigital\\DocBlockExtractor\\OutputExtractor\\aOutputExtractor\\extract",
                        "shortName": "extract",
                        "type": "METHOD",
                        "docBlock": {
                            "summary": [
                                "Extrai a documentação para o formato implementado."
                            ],
                            "description": [],
                            "tags": {
                                "param": [
                                    [
                                        "ProjectDocumentation $proDoc",
                                        "Instância a partir da qual a documentação será obtida."
                                    ],
                                    [
                                        "string $outputDir",
                                        "Caminho completo até um diretório que será usado como repositório dos arquivos",
                                        "criados. O conteúdo original deste diretório será eliminado antes de gerar a nova",
                                        "documentação."
                                    ],
                                    [
                                        "bool $singleFile",
                                        "Quando ``true`` o conteúdo será extraido para um único arquivo.",
                                        "Se ``false``, cada namespace representará um diretório dentro de ``$outputDir`` e",
                                        "dentro de cada um serão alocados os seguintes arquivos/diretórios:",
                                        "",
                                        "- constants.xyz      [ 1 arquivo para todas as constantes da namespace ]",
                                        "- variables.xyz      [ 1 arquivo para todas as variáveis da namespace ]",
                                        "- functions          [ 1 diretório contendo 1 arquivo para cada função da namespace ]",
                                        "- interfaces         [ 1 diretório contendo 1 arquivo para cada interface da namespace ]",
                                        "- enuns              [ 1 diretório contendo 1 arquivo para cada enumerador da namespace ]",
                                        "- traits             [ 1 diretório contendo 1 arquivo para cada trait da namespace ]",
                                        "- classes            [ 1 diretório contendo 1 arquivo para cada classe da namespace ]"
                                    ]
                                ],
                                "throws": [
                                    [
                                        "DirectoryNotFoundException",
                                        "Caso o diretório ``outputDir`` indicado não exista."
                                    ]
                                ],
                                "return": [
                                    [
                                        "bool",
                                        "Retorna ``true`` caso todos os arquivos o processo tenha corrido até o fim."
                                    ]
                                ]
                            }
                        },
                        "parameters": {
                            "proDoc": {
                                "type": "AeonDigital\\DocBlockExtractor\\ProjectDocumentation",
                                "isOptional": false,
                                "isReference": false,
                                "isVariadic": false,
                                "isNullable": false,
                                "isDefaultValue": false,
                                "defaultValue": null,
                                "docBlock": {
                                    "summary": [
                                        "Instância a partir da qual a documentação será obtida."
                                    ],
                                    "description": [],
                                    "tags": []
                                }
                            },
                            "outputDir": {
                                "type": "string",
                                "isOptional": false,
                                "isReference": false,
                                "isVariadic": false,
                                "isNullable": false,
                                "isDefaultValue": false,
                                "defaultValue": null,
                                "docBlock": {
                                    "summary": [
                                        "Caminho completo até um diretório que será usado como repositório dos arquivos",
                                        "criados. O conteúdo original deste diretório será eliminado antes de gerar a nova",
                                        "documentação."
                                    ],
                                    "description": [],
                                    "tags": []
                                }
                            },
                            "singleFile": {
                                "type": "bool",
                                "isOptional": false,
                                "isReference": false,
                                "isVariadic": false,
                                "isNullable": false,
                                "isDefaultValue": false,
                                "defaultValue": null,
                                "docBlock": {
                                    "summary": [
                                        "Quando ``true`` o conteúdo será extraido para um único arquivo.",
                                        "Se ``false``, cada namespace representará um diretório dentro de ``$outputDir`` e",
                                        "dentro de cada um serão alocados os seguintes arquivos/diretórios:"
                                    ],
                                    "description": [
                                        "- constants.xyz      [ 1 arquivo para todas as constantes da namespace ]",
                                        "- variables.xyz      [ 1 arquivo para todas as variáveis da namespace ]",
                                        "- functions          [ 1 diretório contendo 1 arquivo para cada função da namespace ]",
                                        "- interfaces         [ 1 diretório contendo 1 arquivo para cada interface da namespace ]",
                                        "- enuns              [ 1 diretório contendo 1 arquivo para cada enumerador da namespace ]",
                                        "- traits             [ 1 diretório contendo 1 arquivo para cada trait da namespace ]",
                                        "- classes            [ 1 diretório contendo 1 arquivo para cada classe da namespace ]"
                                    ],
                                    "tags": []
                                }
                            }
                        },
                        "return": "bool",
                        "isAbstract": true,
                        "isFinal": false
                    }
                ]
            },
            "nonabstract": {
                "static": [],
                "nonstatic": [
                    {
                        "fileName": "/var/www/html/src/OutputExtractor/aOutputExtractor.php",
                        "namespaceName": "AeonDigital\\DocBlockExtractor\\OutputExtractor\\aOutputExtractor",
                        "fqsen": "AeonDigital\\DocBlockExtractor\\OutputExtractor\\aOutputExtractor\\genericExtract",
                        "shortName": "genericExtract",
                        "type": "METHOD",
                        "docBlock": {
                            "summary": [
                                "Efetua a extração da documentação para formatos cuja saída não exige tratamento especial",
                                "além de individualizar os arquivos de componentes como XML e JSON."
                            ],
                            "description": [],
                            "tags": {
                                "param": [
                                    [
                                        "ProjectDocumentation $proDoc",
                                        "Instância a partir da qual a documentação será obtida."
                                    ],
                                    [
                                        "string $outputDir",
                                        "Caminho completo até um diretório que será usado como repositório dos arquivos",
                                        "criados. O conteúdo original deste diretório será eliminado antes de gerar a nova",
                                        "documentação."
                                    ],
                                    [
                                        "string $outputFormat",
                                        "Indica o formato em que os dados devem ser salvos.",
                                        "Eperado: json | xml"
                                    ],
                                    [
                                        "bool $singleFile",
                                        "Quando ``true`` o conteúdo será extraido para um único arquivo chamado ``index.xyz``.",
                                        "Se ``false``, cada namespace representará um diretório dentro de ``$outputDir`` e",
                                        "dentro de cada um serão alocados os seguintes arquivos/diretórios:",
                                        "",
                                        "- constants.xyz      [ 1 arquivo para todas as constantes da namespace ]",
                                        "- variables.xyz      [ 1 arquivo para todas as variáveis da namespace ]",
                                        "- functions          [ 1 diretório contendo 1 arquivo para cada função da namespace ]",
                                        "- interfaces         [ 1 diretório contendo 1 arquivo para cada interface da namespace ]",
                                        "- enuns              [ 1 diretório contendo 1 arquivo para cada enumerador da namespace ]",
                                        "- traits             [ 1 diretório contendo 1 arquivo para cada trait da namespace ]",
                                        "- classes            [ 1 diretório contendo 1 arquivo para cada classe da namespace ]"
                                    ]
                                ],
                                "throws": [
                                    [
                                        "DirectoryNotFoundException",
                                        "Caso o diretório ``outputDir`` indicado não exista."
                                    ],
                                    [
                                        "RuntimeException",
                                        "Caso não seja possível excluir totalmente o conteúdo do diretório ``$outputDir``."
                                    ]
                                ],
                                "return": [
                                    [
                                        "bool",
                                        "Retorna ``true`` caso todos os arquivos o processo tenha corrido até o fim."
                                    ]
                                ]
                            }
                        },
                        "parameters": {
                            "proDoc": {
                                "type": "AeonDigital\\DocBlockExtractor\\ProjectDocumentation",
                                "isOptional": false,
                                "isReference": false,
                                "isVariadic": false,
                                "isNullable": false,
                                "isDefaultValue": false,
                                "defaultValue": null,
                                "docBlock": {
                                    "summary": [
                                        "Instância a partir da qual a documentação será obtida."
                                    ],
                                    "description": [],
                                    "tags": []
                                }
                            },
                            "outputDir": {
                                "type": "string",
                                "isOptional": false,
                                "isReference": false,
                                "isVariadic": false,
                                "isNullable": false,
                                "isDefaultValue": false,
                                "defaultValue": null,
                                "docBlock": {
                                    "summary": [
                                        "Caminho completo até um diretório que será usado como repositório dos arquivos",
                                        "criados. O conteúdo original deste diretório será eliminado antes de gerar a nova",
                                        "documentação."
                                    ],
                                    "description": [],
                                    "tags": []
                                }
                            },
                            "outputFormat": {
                                "type": "string",
                                "isOptional": false,
                                "isReference": false,
                                "isVariadic": false,
                                "isNullable": false,
                                "isDefaultValue": false,
                                "defaultValue": null,
                                "docBlock": {
                                    "summary": [
                                        "Indica o formato em que os dados devem ser salvos.",
                                        "Eperado: json | xml"
                                    ],
                                    "description": [],
                                    "tags": []
                                }
                            },
                            "singleFile": {
                                "type": "bool",
                                "isOptional": false,
                                "isReference": false,
                                "isVariadic": false,
                                "isNullable": false,
                                "isDefaultValue": false,
                                "defaultValue": null,
                                "docBlock": {
                                    "summary": [
                                        "Quando ``true`` o conteúdo será extraido para um único arquivo chamado ``index.xyz``.",
                                        "Se ``false``, cada namespace representará um diretório dentro de ``$outputDir`` e",
                                        "dentro de cada um serão alocados os seguintes arquivos/diretórios:"
                                    ],
                                    "description": [
                                        "- constants.xyz      [ 1 arquivo para todas as constantes da namespace ]",
                                        "- variables.xyz      [ 1 arquivo para todas as variáveis da namespace ]",
                                        "- functions          [ 1 diretório contendo 1 arquivo para cada função da namespace ]",
                                        "- interfaces         [ 1 diretório contendo 1 arquivo para cada interface da namespace ]",
                                        "- enuns              [ 1 diretório contendo 1 arquivo para cada enumerador da namespace ]",
                                        "- traits             [ 1 diretório contendo 1 arquivo para cada trait da namespace ]",
                                        "- classes            [ 1 diretório contendo 1 arquivo para cada classe da namespace ]"
                                    ],
                                    "tags": []
                                }
                            }
                        },
                        "return": "bool",
                        "isAbstract": false,
                        "isFinal": false
                    }
                ]
            }
        }
    }
}