<?xml version="1.0"?>
<class fileName="/var/www/html/src/OutputExtractor/JSON.php"
       namespaceName="AeonDigital\DocBlockExtractor\OutputExtractor"
       fqsen="AeonDigital\DocBlockExtractor\OutputExtractor\JSON"
       shortName="JSON"
       type="CLASSE"
       isAbstract="false"
       isFinal="false">
    <docBlock>
        <summary>
            <line>Efetua a extração dos dados de uma classe ``ProjectDocumentation`` em</line>
            <line>um ou mais arquivos JSON.</line>
        </summary>
        <description />
        <tags>
            <tag name="package">
                <line>AeonDigital\DocBlockExtractor</line>
            </tag>
            <tag name="author">
                <line>Rianna Cantarelli &lt;rianna@aeondigital.com.br&gt;</line>
            </tag>
            <tag name="copyright">
                <line>2023, Rianna Cantarelli</line>
            </tag>
            <tag name="license">
                <line>MIT</line>
            </tag>
        </tags>
    </docBlock>
    <interfaces>
        <ns>AeonDigital\DocBlockExtractor\Interfaces\iOutputExtractor</ns>
    </interfaces>
    <extends />
    <constants>
        <public />
    </constants>
    <properties>
        <public>
            <static />
            <nonstatic />
        </public>
    </properties>
    <constructor />
    <methods>
        <public>
            <abstract>
                <static />
                <nonstatic />
            </abstract>
            <nonabstract>
                <static />
                <nonstatic>
                    <method fileName="/var/www/html/src/OutputExtractor/JSON.php"
                            namespaceName="AeonDigital\DocBlockExtractor\OutputExtractor\JSON"
                            fqsen="AeonDigital\DocBlockExtractor\OutputExtractor\JSON\extract"
                            shortName="extract"
                            type="METHOD"
                            isAbstract="false"
                            isFinal="false">
                        <docBlock>
                            <summary>
                                <line>Extrai a documentação para o formato implementado.</line>
                            </summary>
                            <description />
                            <tags>
                                <tag name="param">
                                    <line>ProjectDocumentation $proDoc</line>
                                    <line>Instância a partir da qual a documentação será obtida.</line>
                                </tag>
                                <tag name="param">
                                    <line>string $outputDir</line>
                                    <line>Caminho completo até um diretório que será usado como repositório dos arquivos</line>
                                    <line>criados. O conteúdo original deste diretório será eliminado antes de gerar a nova</line>
                                    <line>documentação.</line>
                                </tag>
                                <tag name="param">
                                    <line>bool $singleFile</line>
                                    <line>Quando ``true`` o conteúdo será extraido para um único arquivo chamado ``index.json``.</line>
                                    <line>Se ``false``, cada namespace representará um diretório dentro de ``$outputDir`` e</line>
                                    <line>dentro de cada um serão alocados os seguintes arquivos/diretórios:</line>
                                    <line />
                                    <line>- constants.json [ 1 arquivo para todas as constantes da namespace ]</line>
                                    <line>- variables.json [ 1 arquivo para todas as variáveis da namespace ]</line>
                                    <line>- functions [ 1 diretório contendo 1 arquivo para cada função da namespace ]</line>
                                    <line>- interfaces [ 1 diretório contendo 1 arquivo para cada interface da namespace ]</line>
                                    <line>- enuns [ 1 diretório contendo 1 arquivo para cada enumerador da namespace ]</line>
                                    <line>- traits [ 1 diretório contendo 1 arquivo para cada trait da namespace ]</line>
                                    <line>- classes [ 1 diretório contendo 1 arquivo para cada classe da namespace ]</line>
                                </tag>
                                <tag name="throws">
                                    <line>DirectoryNotFoundException</line>
                                    <line>Caso o diretório ``outputDir`` indicado não exista.</line>
                                </tag>
                                <tag name="throws">
                                    <line>RuntimeException</line>
                                    <line>Caso não seja possível excluir totalmente o conteúdo do diretório ``$outputDir``.</line>
                                </tag>
                                <tag name="return">
                                    <line>bool</line>
                                    <line>Retorna ``true`` caso todos os arquivos o processo tenha corrido até o fim.</line>
                                </tag>
                            </tags>
                        </docBlock>
                        <parameters>
                            <parameter name="proDoc"
                                       type="AeonDigital\DocBlockExtractor\ProjectDocumentation"
                                       isOptional="false"
                                       isReference="false"
                                       isVariadic="false"
                                       isNullable="false"
                                       isDefaultValue="false"
                                       defaultValue="``null``">
                                <docBlock>
                                    <summary>
                                        <line>Instância a partir da qual a documentação será obtida.</line>
                                    </summary>
                                    <description />
                                    <tags />
                                </docBlock>
                            </parameter>
                            <parameter name="outputDir"
                                       type="string"
                                       isOptional="false"
                                       isReference="false"
                                       isVariadic="false"
                                       isNullable="false"
                                       isDefaultValue="false"
                                       defaultValue="``null``">
                                <docBlock>
                                    <summary>
                                        <line>Caminho completo até um diretório que será usado como repositório dos arquivos</line>
                                        <line>criados. O conteúdo original deste diretório será eliminado antes de gerar a nova</line>
                                        <line>documentação.</line>
                                    </summary>
                                    <description />
                                    <tags />
                                </docBlock>
                            </parameter>
                            <parameter name="singleFile"
                                       type="bool"
                                       isOptional="false"
                                       isReference="false"
                                       isVariadic="false"
                                       isNullable="false"
                                       isDefaultValue="false"
                                       defaultValue="``null``">
                                <docBlock>
                                    <summary>
                                        <line>Quando ``true`` o conteúdo será extraido para um único arquivo chamado ``index.json``.</line>
                                        <line>Se ``false``, cada namespace representará um diretório dentro de ``$outputDir`` e</line>
                                        <line>dentro de cada um serão alocados os seguintes arquivos/diretórios:</line>
                                    </summary>
                                    <description>
                                        <line>- constants.json [ 1 arquivo para todas as constantes da namespace ]</line>
                                        <line>- variables.json [ 1 arquivo para todas as variáveis da namespace ]</line>
                                        <line>- functions [ 1 diretório contendo 1 arquivo para cada função da namespace ]</line>
                                        <line>- interfaces [ 1 diretório contendo 1 arquivo para cada interface da namespace ]</line>
                                        <line>- enuns [ 1 diretório contendo 1 arquivo para cada enumerador da namespace ]</line>
                                        <line>- traits [ 1 diretório contendo 1 arquivo para cada trait da namespace ]</line>
                                        <line>- classes [ 1 diretório contendo 1 arquivo para cada classe da namespace ]</line>
                                    </description>
                                    <tags />
                                </docBlock>
                            </parameter>
                        </parameters>
                        <return>bool</return>
                    </method>
                </nonstatic>
            </nonabstract>
        </public>
    </methods>
</class>